<?xml version="1.0" encoding="UTF-8"?>
<TestRun id="dc90e2a8-f4c3-40ff-a1f7-ae322cecc8c1" name="byrnewil@BYRNEWIL1 2014-09-16 11:05:36" runUser="EMEA\byrnewil" xmlns="http://microsoft.com/schemas/VisualStudio/TeamTest/2006">
  <TestRunConfiguration name="Default Run Configuration" id="a178b880-41c5-4b7f-a88f-27fff6cdd74c">
    <Deployment runDeploymentRoot="C:\Users\byrnewil\Documents\Visual Studio 2008\Projects\BankCS\TestResults\byrnewil_BYRNEWIL1 2014-09-16 11_05_36">
      <DeploymentItem filename="C:\Users\byrnewil\Documents\Visual Studio 2008\Projects\BankCS\BankCS\bin\Debug\BankCS.dll" />
    </Deployment>
    <Hosts skipUnhostableTests="false" />
    <TestTypeSpecific />
  </TestRunConfiguration>
  <ResultSummary outcome="Completed">
    <Counters total="4" executed="4" passed="4" error="0" failed="0" timeout="0" aborted="0" inconclusive="0" passedButRunAborted="0" notRunnable="0" notExecuted="0" disconnected="0" warning="0" completed="0" inProgress="0" pending="0" />
  </ResultSummary>
  <Times creation="2014-09-16T11:05:36.6654284+01:00" queuing="2014-09-16T11:05:38.4696088+01:00" start="2014-09-16T11:05:38.7216340+01:00" finish="2014-09-16T11:05:39.8317450+01:00" />
  <TestDefinitions>
    <UnitTest name="DebitTest" storage="c:\users\byrnewil\documents\visual studio 2008\projects\bankcs\testproject1\bin\debug\testproject1.dll" id="26bfaab1-75c4-8f62-7229-929a1e9a0aee">
      <Css projectStructure="" iteration="" />
      <Owners>
        <Owner name="" />
      </Owners>
      <Execution id="dcad56a7-9480-42c7-8f7e-0cae1c62d68d" />
      <TestMethod codeBase="C:\Users\byrnewil\Documents\Visual Studio 2008\Projects\BankCS\TestProject1\bin\Debug\TestProject1.dll" adapterTypeName="Microsoft.VisualStudio.TestTools.TestTypes.Unit.UnitTestAdapter, Microsoft.VisualStudio.QualityTools.Tips.UnitTest.Adapter, Version=9.0.0.0, Culture=neutral, PublicKeyToken=b03f5f7f11d50a3a" className="TestProject1.BankAccountTest, TestProject1" name="DebitTest" />
    </UnitTest>
    <UnitTest name="CreditTest" storage="c:\users\byrnewil\documents\visual studio 2008\projects\bankcs\testproject1\bin\debug\testproject1.dll" id="3d49e94a-181e-0b7d-0122-782b0cd1b904">
      <Css projectStructure="" iteration="" />
      <Owners>
        <Owner name="" />
      </Owners>
      <Execution id="e5b24d7c-086c-4e95-ba15-fe579a5ed74c" />
      <TestMethod codeBase="C:\Users\byrnewil\Documents\Visual Studio 2008\Projects\BankCS\TestProject1\bin\Debug\TestProject1.dll" adapterTypeName="Microsoft.VisualStudio.TestTools.TestTypes.Unit.UnitTestAdapter, Microsoft.VisualStudio.QualityTools.Tips.UnitTest.Adapter, Version=9.0.0.0, Culture=neutral, PublicKeyToken=b03f5f7f11d50a3a" className="TestProject1.BankAccountTest, TestProject1" name="CreditTest" />
    </UnitTest>
    <UnitTest name="UnfreezeAccountTest" storage="c:\users\byrnewil\documents\visual studio 2008\projects\bankcs\testproject1\bin\debug\testproject1.dll" id="d541131f-3b98-6c76-a1d4-c09c1e9825fd">
      <Css projectStructure="" iteration="" />
      <Owners>
        <Owner name="" />
      </Owners>
      <DeploymentItems>
        <DeploymentItem filename="BankCS.dll" />
      </DeploymentItems>
      <Execution id="f5c3a0fb-9712-47b4-8269-588a32ee3785" />
      <TestMethod codeBase="C:\Users\byrnewil\Documents\Visual Studio 2008\Projects\BankCS\TestProject1\bin\Debug\TestProject1.dll" adapterTypeName="Microsoft.VisualStudio.TestTools.TestTypes.Unit.UnitTestAdapter, Microsoft.VisualStudio.QualityTools.Tips.UnitTest.Adapter, Version=9.0.0.0, Culture=neutral, PublicKeyToken=b03f5f7f11d50a3a" className="TestProject1.BankAccountTest, TestProject1" name="UnfreezeAccountTest" />
    </UnitTest>
    <UnitTest name="FreezeAccountTest" storage="c:\users\byrnewil\documents\visual studio 2008\projects\bankcs\testproject1\bin\debug\testproject1.dll" id="649e83c6-cea5-4b0a-89e1-fbdafde6de08">
      <Css projectStructure="" iteration="" />
      <Owners>
        <Owner name="" />
      </Owners>
      <DeploymentItems>
        <DeploymentItem filename="BankCS.dll" />
      </DeploymentItems>
      <Execution id="d3ab2906-bf01-41de-8444-36548c8b9415" />
      <TestMethod codeBase="C:\Users\byrnewil\Documents\Visual Studio 2008\Projects\BankCS\TestProject1\bin\Debug\TestProject1.dll" adapterTypeName="Microsoft.VisualStudio.TestTools.TestTypes.Unit.UnitTestAdapter, Microsoft.VisualStudio.QualityTools.Tips.UnitTest.Adapter, Version=9.0.0.0, Culture=neutral, PublicKeyToken=b03f5f7f11d50a3a" className="TestProject1.BankAccountTest, TestProject1" name="FreezeAccountTest" />
    </UnitTest>
  </TestDefinitions>
  <TestLists>
    <TestList name="Results Not in a List" id="8c84fa94-04c1-424b-9868-57a2d4851a1d" />
    <TestList name="All Loaded Results" id="19431567-8539-422a-85d7-44ee4e166bda" />
  </TestLists>
  <TestEntries>
    <TestEntry testId="3d49e94a-181e-0b7d-0122-782b0cd1b904" executionId="e5b24d7c-086c-4e95-ba15-fe579a5ed74c" testListId="8c84fa94-04c1-424b-9868-57a2d4851a1d" />
    <TestEntry testId="26bfaab1-75c4-8f62-7229-929a1e9a0aee" executionId="dcad56a7-9480-42c7-8f7e-0cae1c62d68d" testListId="8c84fa94-04c1-424b-9868-57a2d4851a1d" />
    <TestEntry testId="649e83c6-cea5-4b0a-89e1-fbdafde6de08" executionId="d3ab2906-bf01-41de-8444-36548c8b9415" testListId="8c84fa94-04c1-424b-9868-57a2d4851a1d" />
    <TestEntry testId="d541131f-3b98-6c76-a1d4-c09c1e9825fd" executionId="f5c3a0fb-9712-47b4-8269-588a32ee3785" testListId="8c84fa94-04c1-424b-9868-57a2d4851a1d" />
  </TestEntries>
  <Results>
    <UnitTestResult executionId="e5b24d7c-086c-4e95-ba15-fe579a5ed74c" testId="3d49e94a-181e-0b7d-0122-782b0cd1b904" testName="CreditTest" computerName="BYRNEWIL1" duration="00:00:00.1226121" startTime="2014-09-16T11:05:38.8636482+01:00" endTime="2014-09-16T11:05:39.5247143+01:00" testType="13cdc9d9-ddb5-4fa4-a97d-d965ccfc6d4b" outcome="Passed" testListId="8c84fa94-04c1-424b-9868-57a2d4851a1d">
      <Output>
      </Output>
    </UnitTestResult>
    <UnitTestResult executionId="dcad56a7-9480-42c7-8f7e-0cae1c62d68d" testId="26bfaab1-75c4-8f62-7229-929a1e9a0aee" testName="DebitTest" computerName="BYRNEWIL1" duration="00:00:00.0008909" startTime="2014-09-16T11:05:39.5257144+01:00" endTime="2014-09-16T11:05:39.5287147+01:00" testType="13cdc9d9-ddb5-4fa4-a97d-d965ccfc6d4b" outcome="Passed" testListId="8c84fa94-04c1-424b-9868-57a2d4851a1d">
      <Output>
      </Output>
    </UnitTestResult>
    <UnitTestResult executionId="d3ab2906-bf01-41de-8444-36548c8b9415" testId="649e83c6-cea5-4b0a-89e1-fbdafde6de08" testName="FreezeAccountTest" computerName="BYRNEWIL1" duration="00:00:00.2553815" startTime="2014-09-16T11:05:39.5297148+01:00" endTime="2014-09-16T11:05:39.7867405+01:00" testType="13cdc9d9-ddb5-4fa4-a97d-d965ccfc6d4b" outcome="Passed" testListId="8c84fa94-04c1-424b-9868-57a2d4851a1d">
      <Output>
      </Output>
    </UnitTestResult>
    <UnitTestResult executionId="f5c3a0fb-9712-47b4-8269-588a32ee3785" testId="d541131f-3b98-6c76-a1d4-c09c1e9825fd" testName="UnfreezeAccountTest" computerName="BYRNEWIL1" duration="00:00:00.0015248" startTime="2014-09-16T11:05:39.7877406+01:00" endTime="2014-09-16T11:05:39.7917410+01:00" testType="13cdc9d9-ddb5-4fa4-a97d-d965ccfc6d4b" outcome="Passed" testListId="8c84fa94-04c1-424b-9868-57a2d4851a1d">
      <Output>
      </Output>
    </UnitTestResult>
  </Results>
</TestRun>